../Drivers/CMSIS/Include/core_cm4.h:1684:22:__NVIC_EnableIRQ	16	static,ignoring_inline_asm
../Core/Src/main.c:11:6:RCC_Config	4	static
../Core/Src/main.c:25:6:GPIO_Config	4	static
../Core/Src/main.c:48:6:TIM4_Config	4	static
../Core/Src/main.c:63:6:TIM2_Config	8	static
../Core/Src/main.c:75:6:ADC_Config	4	static
../Core/Src/main.c:87:10:readADC	4	static
../Core/Src/main.c:93:6:delay	24	static
../Core/Src/main.c:97:6:updatePWMFrequency	16	static
../Core/Src/main.c:102:6:TIM2_IRQHandler	4	static
../Core/Src/main.c:124:5:main	8	static
../Core/Src/main.c:181:6:SystemClock_Config	88	static
../Core/Src/main.c:226:6:Error_Handler	4	static,ignoring_inline_asm
