../Core/Src/main.c:22:6:delay	16	static
../Core/Src/main.c:26:6:updatePWMFrequency	16	static
../Core/Src/main.c:31:6:HAL_TIM_PeriodElapsedCallback	16	static
../Core/Src/main.c:49:5:main	8	static
../Core/Src/main.c:111:6:SystemClock_Config	88	static
../Core/Src/main.c:158:13:MX_ADC1_Init	24	static
../Core/Src/main.c:210:13:MX_TIM2_Init	32	static
../Core/Src/main.c:255:13:MX_TIM4_Init	48	static
../Core/Src/main.c:304:13:MX_GPIO_Init	40	static
../Core/Src/main.c:334:6:Error_Handler	4	static,ignoring_inline_asm
