../Core/Src/stm32f4xx_it.c:38:6:NMI_Handler	4	static
../Core/Src/stm32f4xx_it.c:53:6:HardFault_Handler	4	static
../Core/Src/stm32f4xx_it.c:68:6:MemManage_Handler	4	static
../Core/Src/stm32f4xx_it.c:83:6:BusFault_Handler	4	static
../Core/Src/stm32f4xx_it.c:98:6:UsageFault_Handler	4	static
../Core/Src/stm32f4xx_it.c:113:6:SVC_Handler	4	static
../Core/Src/stm32f4xx_it.c:126:6:DebugMon_Handler	4	static
../Core/Src/stm32f4xx_it.c:139:6:PendSV_Handler	4	static
../Core/Src/stm32f4xx_it.c:152:6:SysTick_Handler	8	static
../Core/Src/stm32f4xx_it.c:173:6:TIM2_IRQHandler	8	static
