../Drivers/CMSIS/Include/core_cm4.h:1684:22:__NVIC_EnableIRQ	16	static,ignoring_inline_asm
../Drivers/CMSIS/Include/core_cm4.h:1814:22:__NVIC_SetPriority	16	static
../Core/Src/main.c:4:6:RCC_Config	4	static
../Core/Src/main.c:34:6:GPIO_Config	4	static
../Core/Src/main.c:43:6:EXTI_Config	8	static
../Core/Src/main.c:60:6:delay	16	static
../Core/Src/main.c:64:6:EXTI0_IRQHandler	8	static
../Core/Src/main.c:72:6:EXTI1_IRQHandler	8	static
../Core/Src/main.c:80:6:EXTI2_IRQHandler	8	static
../Core/Src/main.c:89:5:main	8	static
